root@eltex-practice2-pg1-v12:~# git config --global user.name "Anast1501"
root@eltex-practice2-pg1-v12:~# git config --global user.email "NastyaZador1501@yandex.ru"
root@eltex-practice2-pg1-v12:~# git config --global init.defaultBranch main
root@eltex-practice2-pg1-v12:~# git config --global --list
user.name=Anast1501
user.email=NastyaZador1501@yandex.ru
init.defaultbranch=main
root@eltex-practice2-pg1-v12:~# apt update
Hit:1 http://ru.archive.ubuntu.com/ubuntu noble InRelease
Get:2 http://security.ubuntu.com/ubuntu noble-security InRelease [126 kB]
Get:3 http://ru.archive.ubuntu.com/ubuntu noble-updates InRelease [126 kB]
Get:4 http://ru.archive.ubuntu.com/ubuntu noble-backports InRelease [126 kB]
Get:5 http://ru.archive.ubuntu.com/ubuntu noble-updates/main amd64 Packages [1,498 kB]
Get:6 http://ru.archive.ubuntu.com/ubuntu noble-updates/main amd64 Components [175 kB]
Get:7 http://ru.archive.ubuntu.com/ubuntu noble-updates/restricted amd64 Components [212 B]
Get:8 http://ru.archive.ubuntu.com/ubuntu noble-updates/universe amd64 Packages [1,496 kB]
Get:9 http://security.ubuntu.com/ubuntu noble-security/main amd64 Components [21.5 kB]
Get:10 http://ru.archive.ubuntu.com/ubuntu noble-updates/universe amd64 Components [378 kB]
Get:11 http://security.ubuntu.com/ubuntu noble-security/restricted amd64 Components [212 B]
Get:12 http://security.ubuntu.com/ubuntu noble-security/universe amd64 Components [52.3 kB]
Get:13 http://security.ubuntu.com/ubuntu noble-security/multiverse amd64 Components [212 B]
Get:14 http://ru.archive.ubuntu.com/ubuntu noble-updates/multiverse amd64 Components [940 B]
Get:15 http://ru.archive.ubuntu.com/ubuntu noble-backports/main amd64 Components [7,140 B]
Get:16 http://ru.archive.ubuntu.com/ubuntu noble-backports/restricted amd64 Components [216 B]
Get:17 http://ru.archive.ubuntu.com/ubuntu noble-backports/universe amd64 Components [11.0 kB]
Get:18 http://ru.archive.ubuntu.com/ubuntu noble-backports/multiverse amd64 Components [212 B]
Fetched 4,019 kB in 2s (2,534 kB/s)                      
Reading package lists... Done
Building dependency tree... Done
Reading state information... Done
83 packages can be upgraded. Run 'apt list --upgradable' to see them.
root@eltex-practice2-pg1-v12:~# apt install git gh
Reading package lists... Done
Building dependency tree... Done
Reading state information... Done
git is already the newest version (1:2.43.0-1ubuntu7.3).
git set to manually installed.
The following NEW packages will be installed:
  gh
0 upgraded, 1 newly installed, 0 to remove and 83 not upgraded.
Need to get 8,836 kB of archives.
After this operation, 45.4 MB of additional disk space will be used.
Do you want to continue? [Y/n] y
Get:1 http://ru.archive.ubuntu.com/ubuntu noble-updates/universe amd64 gh amd64 2.45.0-1ubuntu0.3 [8,836 kB]
Fetched 8,836 kB in 1s (10.5 MB/s)
Selecting previously unselected package gh.
(Reading database ... 124961 files and directories currently instal
led.)
Preparing to unpack .../gh_2.45.0-1ubuntu0.3_amd64.deb ...
Unpacking gh (2.45.0-1ubuntu0.3) ...
Setting up gh (2.45.0-1ubuntu0.3) ...
Processing triggers for man-db (2.12.0-4build2) ...
Scanning processes...                                              
Scanning candidates...                                             
Scanning linux images...                                           

Pending kernel upgrade!
Running kernel version:
  6.8.0-55-generic
Diagnostics:
  The currently running kernel version is not the expected kernel
version 6.8.0-85-generic.

Restarting the system to load the new kernel will not be handled
automatically, so you should consider rebooting.

Restarting services...

Service restarts being deferred:
 /etc/needrestart/restart.d/dbus.service
 systemctl restart getty@tty1.service
 systemctl restart systemd-logind.service
 systemctl restart unattended-upgrades.service

No containers need to be restarted.

No user sessions are running outdated binaries.

No VM guests are running outdated hypervisor (qemu) binaries on
 this host.

root@eltex-practice2-pg1-v12:~# ssh-keygen -t ed25519 -f ~/.ssh/Anast1501
Generating public/private ed25519 key pair.
Enter passphrase (empty for no passphrase): 
Enter same passphrase again: 
Passphrases do not match.  Try again.
Enter passphrase (empty for no passphrase): 
Enter same passphrase again: 
Your identification has been saved in /root/.ssh/Anast1501
Your public key has been saved in /root/.ssh/Anast1501.pub
The key fingerprint is:
SHA256:7uc1OEjMCeI5nQCsSZzvuaZ5hGWVJ5jARCIrjLqqDCA root@eltex-practice2-pg1-v12
The key's randomart image is:
+--[ED25519 256]--+
|B=+ o .          |
|=*.+ + .         |
|=+. + +          |
|=  = = = .       |
|E = = o S        |
|oo + . o . .     |
|o . .   o o o    |
|+ .+   .  .o .   |
|+++     .o.      |
+----[SHA256]-----+
root@eltex-practice2-pg1-v12:~# gh auth login
? What account do you want to log into? GitHub.com
? What is your preferred protocol for Git operations on this host? SSH
? Upload your SSH public key to your GitHub account? /root/.ssh/Anast1501.pub
? Title for your SSH key: eltex-practice2-pg1-v12
? How would you like to authenticate GitHub CLI? Login with a web browser

! First copy your one-time code: 604D-B2F2
Press Enter to open github.com in your browser... 
! Failed opening a web browser at https://github.com/login/device
  exec: "xdg-open,x-www-browser,www-browser,wslview": executable file not found in $PATH
  Please try entering the URL in your browser manually

✓ Authentication complete.
- gh config set -h github.com git_protocol ssh
✓ Configured git protocol
! Authentication credentials saved in plain text
✓ Uploaded the SSH key to your GitHub account: /root/.ssh/Anast1501.pub
✓ Logged in as Anast1501
root@eltex-practice2-pg1-v12:~# 
root@eltex-practice2-pg1-v12:~# gh auth setup-git --hostname github.com
root@eltex-practice2-pg1-v12:~# gh auth status
github.com
  ✓ Logged in to github.com account Anast1501 (/root/.config/gh/hosts.yml)
  - Active account: true
  - Git operations protocol: ssh
  - Token: gho_************************************
  - Token scopes: 'admin:public_key', 'gist', 'read:org', 'repo'
root@eltex-practice2-pg1-v12:~# gh repo create --public Eltex
✓ Created repository Anast1501/Eltex on GitHub
  https://github.com/Anast1501/Eltex

root@eltex-practice2-pg1-v12:~# mkdir ~/Eltex && cd ~/Eltex
root@eltex-practice2-pg1-v12:~/Eltex# echo "# Учебный репозиторий для практик Eltex" >> README.md
root@eltex-practice2-pg1-v12:~/Eltex# git init
Initialized empty Git repository in /root/Eltex/.git/
root@eltex-practice2-pg1-v12:~/Eltex# git add README.md
root@eltex-practice2-pg1-v12:~/Eltex# git commit -m "first commit"
[main (root-commit) 38de770] first commit
 1 file changed, 1 insertion(+)
 create mode 100644 README.md
root@eltex-practice2-pg1-v12:~/Eltex# git branch -M main
root@eltex-practice2-pg1-v12:~/Eltex# git remote add origin https://github.com/Anast1501/Eltex.git
root@eltex-practice2-pg1-v12:~/Eltex# git status
On branch main
nothing to commit, working tree clean
root@eltex-practice2-pg1-v12:~/Eltex# ^C
root@eltex-practice2-pg1-v12:~/Eltex# git push -u origin main
Enumerating objects: 3, done.
Counting objects: 100% (3/3), done.
Delta compression using up to 2 threads
Compressing objects: 100% (2/2), done.
Writing objects: 100% (3/3), 284 bytes | 284.00 KiB/s, done.
Total 3 (delta 0), reused 0 (delta 0), pack-reused 0
To https://github.com/Anast1501/Eltex.git
 * [new branch]      main -> main
branch 'main' set up to track 'origin/main'.
root@eltex-practice2-pg1-v12:~/Eltex# mkdir -p module1/task1
root@eltex-practice2-pg1-v12:~/Eltex# mkdir module1/task2
root@eltex-practice2-pg1-v12:~/Eltex# mkdir module1/task3
eltex-pg1-v12@eltex-2025-autumn:~$ scp practice2_eltex-pg1-v12_part1.log root@172.16.9.186:Eltex/module1/task1/
practice2_eltex-pg1-v12_part1.lo 100% 1194    57.0KB/s   00:00    
eltex-pg1-v12@eltex-2025-autumn:~$ ls
 2025-01   2025-11
 2025-02   2025-12
 2025-03   D1
 2025-04   eltex-pg1-v12_part3_gt50M.log
 2025-05   eltex-pg1-v12_part3.log
 2025-06  '~eltex-pg1-v12_part.log'
 2025-07   practice2_eltex-pg1-v12_part1.log
 2025-08   report_part1.txt
 2025-09   root@172.16.9.186
 2025-10
ltex-pg1-v12@eltex-2025-autumn:~$ scp eltex-pg1-v12_part3_gt50M.log root@172.16.9.186:Eltex/module1/task1/
eltex-pg1-v12_part3_gt50M.log    100%  565     4.9KB/s   00:00    
eltex-pg1-v12@eltex-2025-autumn:~$ scp eltex-pg1-v12_part3.log root@172.16.9.186:Eltex/module1/task1/
eltex-pg1-v12_part3.log          100%   96     5.7KB/s   00:00    
eltex-pg1-v12@eltex-2025-autumn:~$ scp '~eltex-pg1-v12_part.log' root@172.16.9.186:Eltex/module1/task1/
~eltex-pg1-v12_part.log          100%   55KB 116.4KB/s   00:00    

root@eltex-practice2-pg1-v12:~/Eltex# git add .
root@eltex-practice2-pg1-v12:~/Eltex# git status
On branch main
Your branch is up to date with 'origin/main'.

Changes to be committed:
  (use "git restore --staged <file>..." to unstage)
	new file:   module1/task1/eltex-pg1-v12_part3.log
	new file:   module1/task1/eltex-pg1-v12_part3_gt50M.log
	new file:   module1/task1/~eltex-pg1-v12_part.log

root@eltex-practice2-pg1-v12:~/Eltex# git commit -m "Модуль1 Практика №1"
[main 35a9d3c] Модуль1 Практика №1
 3 files changed, 1090 insertions(+)
 create mode 100644 module1/task1/eltex-pg1-v12_part3.log
 create mode 100644 module1/task1/eltex-pg1-v12_part3_gt50M.log
 create mode 100644 module1/task1/~eltex-pg1-v12_part.log
root@eltex-practice2-pg1-v12:~/Eltex# git push 
Enumerating objects: 8, done.
Counting objects: 100% (8/8), done.
Delta compression using up to 2 threads
Compressing objects: 100% (6/6), done.
Writing objects: 100% (7/7), 9.41 KiB | 9.41 MiB/s, done.
Total 7 (delta 1), reused 0 (delta 0), pack-reused 0
remote: Resolving deltas: 100% (1/1), done.
To https://github.com/Anast1501/Eltex.git
   38de770..35a9d3c  main -> main
root@eltex-practice2-pg1-v12:~/Eltex# cd ..
root@eltex-practice2-pg1-v12:~# ls
Eltex               etc_backup.tar.gz
etc_backup          motd_backup.tar.gz
etc_backup.7z       practice2_eltex-pg1-v12_part1.log
etc_backup_7zip     practice2_eltex-pg1-v12_part2.log
etc_backup_gzip     practice2_eltex-pg1-v12_part3.log
etc_backup.tar.bz2
root@eltex-practice2-pg1-v12:~# cp practice2_eltex-pg1-v12_part1.log Eltex/module1/task2/
root@eltex-practice2-pg1-v12:~# cp practice2_eltex-pg1-v12_part2.log Eltex/module1/task2/
root@eltex-practice2-pg1-v12:~# cp practice2_eltex-pg1-v12_part3.log Eltex/module1/task2/
root@eltex-practice2-pg1-v12:~# cd Eltex/
root@eltex-practice2-pg1-v12:~/Eltex# git add .
root@eltex-practice2-pg1-v12:~/Eltex# git status
On branch main
Your branch is up to date with 'origin/main'.

Changes to be committed:
  (use "git restore --staged <file>..." to unstage)
	new file:   module1/task2/practice2_eltex-pg1-v12_part1.log
	new file:   module1/task2/practice2_eltex-pg1-v12_part2.log
	new file:   module1/task2/practice2_eltex-pg1-v12_part3.log

root@eltex-practice2-pg1-v12:~/Eltex# git commit -m "Модуль1 Практика №2"
[main 12092e7] Модуль1 Практика №2
 3 files changed, 834 insertions(+)
 create mode 100644 module1/task2/practice2_eltex-pg1-v12_part1.log
 create mode 100644 module1/task2/practice2_eltex-pg1-v12_part2.log
 create mode 100644 module1/task2/practice2_eltex-pg1-v12_part3.log
root@eltex-practice2-pg1-v12:~/Eltex# git push
Enumerating objects: 9, done.
Counting objects: 100% (9/9), done.
Delta compression using up to 2 threads
Compressing objects: 100% (7/7), done.
Writing objects: 100% (7/7), 15.92 KiB | 15.92 MiB/s, done.
Total 7 (delta 0), reused 0 (delta 0), pack-reused 0
To https://github.com/Anast1501/Eltex.git
   35a9d3c..12092e7  main -> main
root@eltex-practice2-pg1-v12:~/Eltex#

root@eltex-practice2-pg1-v12:~# mkdir ~/Eltex_clone && cd ~/Eltex_clone
root@eltex-practice2-pg1-v12:~/Eltex_clone# git clone https://github.com/Anast1501/Eltex.git
Cloning into 'Eltex'...
remote: Enumerating objects: 17, done.
remote: Counting objects: 100% (17/17), done.
remote: Compressing objects: 100% (14/14), done.
remote: Total 17 (delta 1), reused 17 (delta 1), pack-reused 0 (from 0)
Receiving objects: 100% (17/17), 25.55 KiB | 331.00 KiB/s, done.
Resolving deltas: 100% (1/1), done.
root@eltex-practice2-pg1-v12:~/Eltex_clone# ls
Eltex

root@eltex-practice2-pg1-v12:~/Eltex_clone/Eltex# git fetch
remote: Enumerating objects: 21, done.
remote: Counting objects: 100% (19/19), done.
remote: Compressing objects: 100% (9/9), done.
remote: Total 13 (delta 4), reused 13 (delta 4), pack-reused 0 (from 0)
Unpacking objects: 100% (13/13), 2.07 KiB | 2.07 MiB/s, done.
From https://github.com/Anast1501/Eltex
   050d01a..3e4fe61  main       -> origin/main
root@eltex-practice2-pg1-v12:~/Eltex_clone/Eltex# git log origin/main
commit 3e4fe61dedf052a55784748ab37a8228d81d9bfc (origin/main, origin/HEAD)
Merge: f0cd8c0 050d01a
Author: Anast1501 <NastyaZador1501@yandex.ru>
Date:   Tue Oct 21 04:47:22 2025 +0000

    Merge remote-tracking branch 'refs/remotes/origin/main'

commit f0cd8c05a74bc4a3b8d8f2a839d72da6c984fb47
Author: Anast1501 <NastyaZador1501@yandex.ru>
Date:   Tue Oct 21 04:41:23 2025 +0000

    Практика №2 Раздел 3

commit 050d01a47f78a96aa105b7c28ed639df7b0c75d6
Author: Anast1501 <135703107+Anast1501@users.noreply.github.com>
Date:   Mon Oct 20 22:11:39 2025 +0700

    Add files via upload

commit 6f966282806475c360599636e8e95c7cacfa4f52
Author: Anast1501 <NastyaZador1501@yandex.ru>
Date:   Mon Oct 20 13:36:12 2025 +0000

    Добавлены логи практик

commit 12092e76984d80937830fc5a5c957d14b980b639 (HEAD -> main)
Author: Anast1501 <NastyaZador1501@yandex.ru>
Date:   Mon Oct 20 09:41:33 2025 +0000

    Модуль1 Практика №2

commit 35a9d3c6e6ec35fdb34993a8682183a9824634d8
Author: Anast1501 <NastyaZador1501@yandex.ru>
Date:   Mon Oct 20 09:31:14 2025 +0000

    Модуль1 Практика №1

commit 38de770e83a7e53f11f731529d0409ca2f76e04b
Author: Anast1501 <NastyaZador1501@yandex.ru>
Date:   Sun Oct 19 14:47:20 2025 +0000

    first commit
(END)
    Практика №2 Раздел 3

commit 050d01a47f78a96aa105b7c28ed639df7b0c75d6
Author: Anast1501 <135703107+Anast1501@users.noreply.github.com>
Date:   Mon Oct 20 22:11:39 2025 +0700

    Add files via upload

commit 6f966282806475c360599636e8e95c7cacfa4f52
Author: Anast1501 <NastyaZador1501@yandex.ru>
Date:   Mon Oct 20 13:36:12 2025 +0000

    Добавлены логи практик

commit 12092e76984d80937830fc5a5c957d14b980b639 (HEAD -> main)
Author: Anast1501 <NastyaZador1501@yandex.ru>
Date:   Mon Oct 20 09:41:33 2025 +0000

    Модуль1 Практика №2

commit 35a9d3c6e6ec35fdb34993a8682183a9824634d8
Author: Anast1501 <NastyaZador1501@yandex.ru>
Date:   Mon Oct 20 09:31:14 2025 +0000

    Модуль1 Практика №1

commit 38de770e83a7e53f11f731529d0409ca2f76e04b
Author: Anast1501 <NastyaZador1501@yandex.ru>
Date:   Sun Oct 19 14:47:20 2025 +0000

    first commit
(END)
    Практика №2 Раздел 3

commit 050d01a47f78a96aa105b7c28ed639df7b0c75d6
Author: Anast1501 <135703107+Anast1501@users.noreply.github.com>
Date:   Mon Oct 20 22:11:39 2025 +0700

    Add files via upload

commit 6f966282806475c360599636e8e95c7cacfa4f52
Author: Anast1501 <NastyaZador1501@yandex.ru>
Date:   Mon Oct 20 13:36:12 2025 +0000

    Добавлены логи практик

commit 12092e76984d80937830fc5a5c957d14b980b639 (HEAD -> main)
Author: Anast1501 <NastyaZador1501@yandex.ru>
Date:   Mon Oct 20 09:41:33 2025 +0000

    Модуль1 Практика №2

commit 35a9d3c6e6ec35fdb34993a8682183a9824634d8
Author: Anast1501 <NastyaZador1501@yandex.ru>
Date:   Mon Oct 20 09:31:14 2025 +0000

    Модуль1 Практика №1

commit 38de770e83a7e53f11f731529d0409ca2f76e04b
Author: Anast1501 <NastyaZador1501@yandex.ru>
Date:   Sun Oct 19 14:47:20 2025 +0000

    first commit
(END)
    Практика №2 Раздел 3

commit 050d01a47f78a96aa105b7c28ed639df7b0c75d6
Author: Anast1501 <135703107+Anast1501@users.noreply.github.com>
Date:   Mon Oct 20 22:11:39 2025 +0700

    Add files via upload

commit 6f966282806475c360599636e8e95c7cacfa4f52
Author: Anast1501 <NastyaZador1501@yandex.ru>
Date:   Mon Oct 20 13:36:12 2025 +0000

    Добавлены логи практик

commit 12092e76984d80937830fc5a5c957d14b980b639 (HEAD -> main)
Author: Anast1501 <NastyaZador1501@yandex.ru>
Date:   Mon Oct 20 09:41:33 2025 +0000

    Модуль1 Практика №2

commit 35a9d3c6e6ec35fdb34993a8682183a9824634d8
Author: Anast1501 <NastyaZador1501@yandex.ru>
Date:   Mon Oct 20 09:31:14 2025 +0000

    Модуль1 Практика №1

commit 38de770e83a7e53f11f731529d0409ca2f76e04b
Author: Anast1501 <NastyaZador1501@yandex.ru>
Date:   Sun Oct 19 14:47:20 2025 +0000

    first commit
(END)
commit 3e4fe61dedf052a55784748ab37a8228d81d9bfc (origin/main, orig
in/HEAD)
Merge: f0cd8c0 050d01a
Author: Anast1501 <NastyaZador1501@yandex.ru>
Date:   Tue Oct 21 04:47:22 2025 +0000

    Merge remote-tracking branch 'refs/remotes/origin/main'

commit f0cd8c05a74bc4a3b8d8f2a839d72da6c984fb47
Author: Anast1501 <NastyaZador1501@yandex.ru>
Date:   Tue Oct 21 04:41:23 2025 +0000

    Практика №2 Раздел 3

commit 050d01a47f78a96aa105b7c28ed639df7b0c75d6
Author: Anast1501 <135703107+Anast1501@users.noreply.github.com>
Date:   Mon Oct 20 22:11:39 2025 +0700

    Add files via upload

commit 6f966282806475c360599636e8e95c7cacfa4f52
Author: Anast1501 <NastyaZador1501@yandex.ru>
Date:   Mon Oct 20 13:36:12 2025 +0000

    Добавлены логи практик

commit 12092e76984d80937830fc5a5c957d14b980b639 (HEAD -> main)
Author: Anast1501 <NastyaZador1501@yandex.ru>
Date:   Mon Oct 20 09:41:33 2025 +0000

    Модуль1 Практика №2

root@eltex-practice2-pg1-v12:~/Eltex_clone/Eltex# git diff main origin/main
diff --git a/module1/task1/ZadorozhnayaPract1Part1Module1.pdf b/module1/task1/ZadorozhnayaPract1Part1Module1.pdf
new file mode 100644
index 0000000..8601305
Binary files /dev/null and b/module1/task1/ZadorozhnayaPract1Part1Module1.pdf differ
diff --git a/module1/task2/practice2_eltex-pg1-v12_part3.log b/module1/task2/practice2_eltex-pg1-v12_part3.log
index c5e6db3..d1227c7 100644
--- a/module1/task2/practice2_eltex-pg1-v12_part3.log
+++ b/module1/task2/practice2_eltex-pg1-v12_part3.log
@@ -182,3 +182,82 @@ eltex-pg1-v12_part3.log          100%   96     5.7KB/s   00:00
 eltex-pg1-v12@eltex-2025-autumn:~$ scp '~eltex-pg1-v12_part.log' root@172.16.9.186:Eltex/module1/task1/
 ~eltex-pg1-v12_part.log          100%   55KB 116.4KB/s   00:00    
 
+root@eltex-practice2-pg1-v12:~/Eltex# git add .
+root@eltex-practice2-pg1-v12:~/Eltex# git status
+On branch main
+Your branch is up to date with 'origin/main'.
+
+Changes to be committed:
+  (use "git restore --staged <file>..." to unstage)
+       new file:   module1/task1/eltex-pg1-v12_part3.log
+       new file:   module1/task1/eltex-pg1-v12_part3_gt50M.log
+       new file:   module1/task1/~eltex-pg1-v12_part.log
+
+root@eltex-practice2-pg1-v12:~/Eltex# git commit -m "Модуль1 Практика №1"
...skipping...
diff --git a/module1/task1/ZadorozhnayaPract1Part1Module1.pdf b/module1/task1/ZadorozhnayaPract1Part1Module1.pdf
new file mode 100644
index 0000000..8601305
Binary files /dev/null and b/module1/task1/ZadorozhnayaPract1Part1Module1.pdf differ
diff --git a/module1/task2/practice2_eltex-pg1-v12_part3.log b/module1/task2/practice2_eltex-pg1-v12_part3.log
index c5e6db3..d1227c7 100644
--- a/module1/task2/practice2_eltex-pg1-v12_part3.log
+++ b/module1/task2/practice2_eltex-pg1-v12_part3.log
@@ -182,3 +182,82 @@ eltex-pg1-v12_part3.log          100%   96     5.7KB/s   00:00
 eltex-pg1-v12@eltex-2025-autumn:~$ scp '~eltex-pg1-v12_part.log' root@172.16.9.186:Eltex/module1/task1/
 ~eltex-pg1-v12_part.log          100%   55KB 116.4KB/s   00:00    
 
+root@eltex-practice2-pg1-v12:~/Eltex# git add .
+root@eltex-practice2-pg1-v12:~/Eltex# git status
+On branch main
+Your branch is up to date with 'origin/main'.
+
+Changes to be committed:
+  (use "git restore --staged <file>..." to unstage)
+       new file:   module1/task1/eltex-pg1-v12_part3.log
+       new file:   module1/task1/eltex-pg1-v12_part3_gt50M.log
+       new file:   module1/task1/~eltex-pg1-v12_part.log
+
+root@eltex-practice2-pg1-v12:~/Eltex# git commit -m "Модуль1 Практика №1"
+[main 35a9d3c] Модуль1 Практика №1
+ 3 files changed, 1090 insertions(+)
+ create mode 100644 module1/task1/eltex-pg1-v12_part3.log
+ create mode 100644 module1/task1/eltex-pg1-v12_part3_gt50M.log
+ create mode 100644 module1/task1/~eltex-pg1-v12_part.log
+root@eltex-practice2-pg1-v12:~/Eltex# git push 
+Enumerating objects: 8, done.
+Counting objects: 100% (8/8), done.
+Delta compression using up to 2 threads
+Compressing objects: 100% (6/6), done.
+Writing objects: 100% (7/7), 9.41 KiB | 9.41 MiB/s, done.
+Total 7 (delta 1), reused 0 (delta 0), pack-reused 0
+remote: Resolving deltas: 100% (1/1), done.
+To https://github.com/Anast1501/Eltex.git
+   38de770..35a9d3c  main -> main
+root@eltex-practice2-pg1-v12:~/Eltex# cd ..
+root@eltex-practice2-pg1-v12:~# ls
+Eltex               etc_backup.tar.gz
+etc_backup          motd_backup.tar.gz
+etc_backup.7z       practice2_eltex-pg1-v12_part1.log
+etc_backup_7zip     practice2_eltex-pg1-v12_part2.log
+etc_backup_gzip     practice2_eltex-pg1-v12_part3.log
+etc_backup.tar.bz2
+root@eltex-practice2-pg1-v12:~# cp practice2_eltex-pg1-v12_part1.log Eltex/module1/task2/
+root@eltex-practice2-pg1-v12:~# cp practice2_eltex-pg1-v12_part2.log Eltex/module1/task2/
+root@eltex-practice2-pg1-v12:~# cp practice2_eltex-pg1-v12_part3.log Eltex/module1/task2/
+root@eltex-practice2-pg1-v12:~# cd Eltex/
+root@eltex-practice2-pg1-v12:~/Eltex# git add .
+root@eltex-practice2-pg1-v12:~/Eltex# git status
+On branch main
+Your branch is up to date with 'origin/main'.
+
+Changes to be committed:
+  (use "git restore --staged <file>..." to unstage)
+       new file:   module1/task2/practice2_eltex-pg1-v12_part1.log
+       new file:   module1/task2/practice2_eltex-pg1-v12_part2.log
+       new file:   module1/task2/practice2_eltex-pg1-v12_part3.log
+
+root@eltex-practice2-pg1-v12:~/Eltex# git commit -m "Модуль1 Практика №2"
+[main 12092e7] Модуль1 Практика №2
+ 3 files changed, 834 insertions(+)
+ create mode 100644 module1/task2/practice2_eltex-pg1-v12_part1.l
+etc_backup          motd_backup.tar.gz
+etc_backup.7z       practice2_eltex-pg1-v12_part1.log
+etc_backup_7zip     practice2_eltex-pg1-v12_part2.log
+etc_backup_gzip     practice2_eltex-pg1-v12_part3.log
+etc_backup.tar.bz2
+root@eltex-practice2-pg1-v12:~# cp practice2_eltex-pg1-v12_part1.
log Eltex/module1/task2/
+root@eltex-practice2-pg1-v12:~# cp practice2_eltex-pg1-v12_part2.
log Eltex/module1/task2/
+root@eltex-practice2-pg1-v12:~# cp practice2_eltex-pg1-v12_part3.
log Eltex/module1/task2/
+root@eltex-practice2-pg1-v12:~# cd Eltex/
+root@eltex-practice2-pg1-v12:~/Eltex# git add .
+root@eltex-practice2-pg1-v12:~/Eltex# git status
+On branch main
+Your branch is up to date with 'origin/main'.
+
+Changes to be committed:
+  (use "git restore --staged <file>..." to unstage)
+       new file:   module1/task2/practice2_eltex-pg1-v12_part1.lo
g
+       new file:   module1/task2/practice2_eltex-pg1-v12_part2.lo
g
+       new file:   module1/task2/practice2_eltex-pg1-v12_part3.lo
g
+
+root@eltex-practice2-pg1-v12:~/Eltex# git commit -m "Модуль1 Прак
тика №2"
+[main 12092e7] Модуль1 Практика №2
+ 3 files changed, 834 insertions(+)
+ create mode 100644 module1/task2/practice2_eltex-pg1-v12_part1.l
root@eltex-practice2-pg1-v12:~/Eltex_clone/Eltex# git merge
Updating 12092e7..3e4fe61
Fast-forward
 .../ZadorozhnayaPract1Part1Module1.pdf     | Bin 0 -> 1507174 bytes
 .../practice2_eltex-pg1-v12_part3.log      |  79 +++++++++++++++
 2 files changed, 79 insertions(+)
 create mode 100644 module1/task1/ZadorozhnayaPract1Part1Module1.pdf
root@eltex-practice2-pg1-v12:~/Eltex_clone/Eltex# 
